---
http_interactions:
- request:
    method: get
    uri: https://apikey:<MAILCHIMP_API_KEY>@us3.api.mailchimp.com/3.0/lists/<MAILCHIMP_CATEGORIES_LIST_ID>/interest-categories
    body:
      encoding: US-ASCII
      string: ''
    headers:
      User-Agent:
      - Faraday v0.9.2
      Content-Type:
      - application/json
      Accept-Encoding:
      - gzip;q=1.0,deflate;q=0.6,identity;q=0.3
      Accept:
      - "*/*"
  response:
    status:
      code: 200
      message: OK
    headers:
      Server:
      - nginx
      Content-Type:
      - application/json; charset=utf-8
      X-Request-Id:
      - ecb16b5e-93d0-4d30-86fb-25df9abca6e3
      Link:
      - <https://us3.api.mailchimp.com/schema/3.0/Lists/InterestCategories/Collection.json>;
        rel="describedBy"
      Vary:
      - Accept-Encoding
      Content-Length:
      - '2239'
      Date:
      - Thu, 25 Aug 2016 20:32:34 GMT
      Connection:
      - keep-alive
      Set-Cookie:
      - _AVESTA_ENVIRONMENT=prod; path=/
    body:
      encoding: UTF-8
      string: '{"list_id":"<MAILCHIMP_CATEGORIES_LIST_ID>","categories":[{"list_id":"<MAILCHIMP_CATEGORIES_LIST_ID>","id":"de588dac77","title":"Categories","display_order":0,"type":"checkboxes","_links":[{"rel":"self","href":"https://us3.api.mailchimp.com/3.0/lists/<MAILCHIMP_CATEGORIES_LIST_ID>/interest-categories/de588dac77","method":"GET","targetSchema":"https://us3.api.mailchimp.com/schema/3.0/Lists/InterestCategories/Instance.json"},{"rel":"parent","href":"https://us3.api.mailchimp.com/3.0/lists/<MAILCHIMP_CATEGORIES_LIST_ID>/interest-categories","method":"GET","targetSchema":"https://us3.api.mailchimp.com/schema/3.0/Lists/InterestCategories/Collection.json","schema":"https://us3.api.mailchimp.com/schema/3.0/CollectionLinks/Lists/InterestCategories.json"},{"rel":"update","href":"https://us3.api.mailchimp.com/3.0/lists/<MAILCHIMP_CATEGORIES_LIST_ID>/interest-categories/de588dac77","method":"PATCH","targetSchema":"https://us3.api.mailchimp.com/schema/3.0/Lists/InterestCategories/Instance.json","schema":"https://us3.api.mailchimp.com/schema/3.0/Lists/InterestCategories/Instance.json"},{"rel":"delete","href":"https://us3.api.mailchimp.com/3.0/lists/<MAILCHIMP_CATEGORIES_LIST_ID>/interest-categories/de588dac77","method":"DELETE"},{"rel":"interests","href":"https://us3.api.mailchimp.com/3.0/lists/<MAILCHIMP_CATEGORIES_LIST_ID>/interest-categories/de588dac77/interests","method":"GET","targetSchema":"https://us3.api.mailchimp.com/schema/3.0/Lists/Interests/Collection.json","schema":"https://us3.api.mailchimp.com/schema/3.0/CollectionLinks/Lists/Interests.json"}]}],"total_items":1,"_links":[{"rel":"self","href":"https://us3.api.mailchimp.com/3.0/lists/<MAILCHIMP_CATEGORIES_LIST_ID>/interest-categories","method":"GET","targetSchema":"https://us3.api.mailchimp.com/schema/3.0/Lists/InterestCategories/Collection.json","schema":"https://us3.api.mailchimp.com/schema/3.0/CollectionLinks/Lists/InterestCategories.json"},{"rel":"parent","href":"https://us3.api.mailchimp.com/3.0/lists/<MAILCHIMP_CATEGORIES_LIST_ID>/","method":"GET","targetSchema":"https://us3.api.mailchimp.com/schema/3.0/Lists/Instance.json"},{"rel":"create","href":"https://us3.api.mailchimp.com/3.0/lists/<MAILCHIMP_CATEGORIES_LIST_ID>/interest-categories","method":"POST","targetSchema":"https://us3.api.mailchimp.com/schema/3.0/Lists/InterestCategories/Instance.json","schema":"https://us3.api.mailchimp.com/schema/3.0/Lists/InterestCategories/Instance.json"}]}'
    http_version: 
  recorded_at: Thu, 25 Aug 2016 20:32:34 GMT
- request:
    method: get
    uri: https://apikey:<MAILCHIMP_API_KEY>@us3.api.mailchimp.com/3.0/lists/<MAILCHIMP_CATEGORIES_LIST_ID>/interest-categories/de588dac77/interests
    body:
      encoding: US-ASCII
      string: ''
    headers:
      User-Agent:
      - Faraday v0.9.2
      Content-Type:
      - application/json
      Accept-Encoding:
      - gzip;q=1.0,deflate;q=0.6,identity;q=0.3
      Accept:
      - "*/*"
  response:
    status:
      code: 200
      message: OK
    headers:
      Server:
      - nginx
      Content-Type:
      - application/json; charset=utf-8
      X-Request-Id:
      - b4ba912f-ecab-4a52-b7fd-1669e65e0a2b
      Link:
      - <https://us3.api.mailchimp.com/schema/3.0/Lists/Interests/Collection.json>;
        rel="describedBy"
      Vary:
      - Accept-Encoding
      Content-Length:
      - '4351'
      Date:
      - Thu, 25 Aug 2016 20:32:34 GMT
      Connection:
      - keep-alive
      Set-Cookie:
      - _AVESTA_ENVIRONMENT=prod; path=/
    body:
      encoding: UTF-8
      string: '{"interests":[{"category_id":"de588dac77","list_id":"<MAILCHIMP_CATEGORIES_LIST_ID>","id":"b69a899898","name":"Art","subscriber_count":"1","display_order":1,"_links":[{"rel":"self","href":"https://us3.api.mailchimp.com/3.0/lists/<MAILCHIMP_CATEGORIES_LIST_ID>/interest-categories/de588dac77/interests/b69a899898","method":"GET","targetSchema":"https://us3.api.mailchimp.com/schema/3.0/Lists/Interests/Instance.json"},{"rel":"parent","href":"https://us3.api.mailchimp.com/3.0/lists/<MAILCHIMP_CATEGORIES_LIST_ID>/interest-categories/de588dac77/interests","method":"GET","targetSchema":"https://us3.api.mailchimp.com/schema/3.0/Lists/Interests/Collection.json","schema":"https://us3.api.mailchimp.com/schema/3.0/CollectionLinks/Lists/Interests.json"},{"rel":"update","href":"https://us3.api.mailchimp.com/3.0/lists/<MAILCHIMP_CATEGORIES_LIST_ID>/interest-categories/de588dac77/interests/b69a899898","method":"PATCH","targetSchema":"https://us3.api.mailchimp.com/schema/3.0/Lists/Interests/Instance.json","schema":"https://us3.api.mailchimp.com/schema/3.0/Lists/Interests/Instance.json"},{"rel":"delete","href":"https://us3.api.mailchimp.com/3.0/lists/<MAILCHIMP_CATEGORIES_LIST_ID>/interest-categories/de588dac77/interests/b69a899898","method":"DELETE"}]},{"category_id":"de588dac77","list_id":"<MAILCHIMP_CATEGORIES_LIST_ID>","id":"c7e1e11b24","name":"Music","subscriber_count":"1","display_order":2,"_links":[{"rel":"self","href":"https://us3.api.mailchimp.com/3.0/lists/<MAILCHIMP_CATEGORIES_LIST_ID>/interest-categories/de588dac77/interests/c7e1e11b24","method":"GET","targetSchema":"https://us3.api.mailchimp.com/schema/3.0/Lists/Interests/Instance.json"},{"rel":"parent","href":"https://us3.api.mailchimp.com/3.0/lists/<MAILCHIMP_CATEGORIES_LIST_ID>/interest-categories/de588dac77/interests","method":"GET","targetSchema":"https://us3.api.mailchimp.com/schema/3.0/Lists/Interests/Collection.json","schema":"https://us3.api.mailchimp.com/schema/3.0/CollectionLinks/Lists/Interests.json"},{"rel":"update","href":"https://us3.api.mailchimp.com/3.0/lists/<MAILCHIMP_CATEGORIES_LIST_ID>/interest-categories/de588dac77/interests/c7e1e11b24","method":"PATCH","targetSchema":"https://us3.api.mailchimp.com/schema/3.0/Lists/Interests/Instance.json","schema":"https://us3.api.mailchimp.com/schema/3.0/Lists/Interests/Instance.json"},{"rel":"delete","href":"https://us3.api.mailchimp.com/3.0/lists/<MAILCHIMP_CATEGORIES_LIST_ID>/interest-categories/de588dac77/interests/c7e1e11b24","method":"DELETE"}]},{"category_id":"de588dac77","list_id":"<MAILCHIMP_CATEGORIES_LIST_ID>","id":"67a5758600","name":"Design","subscriber_count":"0","display_order":4,"_links":[{"rel":"self","href":"https://us3.api.mailchimp.com/3.0/lists/<MAILCHIMP_CATEGORIES_LIST_ID>/interest-categories/de588dac77/interests/67a5758600","method":"GET","targetSchema":"https://us3.api.mailchimp.com/schema/3.0/Lists/Interests/Instance.json"},{"rel":"parent","href":"https://us3.api.mailchimp.com/3.0/lists/<MAILCHIMP_CATEGORIES_LIST_ID>/interest-categories/de588dac77/interests","method":"GET","targetSchema":"https://us3.api.mailchimp.com/schema/3.0/Lists/Interests/Collection.json","schema":"https://us3.api.mailchimp.com/schema/3.0/CollectionLinks/Lists/Interests.json"},{"rel":"update","href":"https://us3.api.mailchimp.com/3.0/lists/<MAILCHIMP_CATEGORIES_LIST_ID>/interest-categories/de588dac77/interests/67a5758600","method":"PATCH","targetSchema":"https://us3.api.mailchimp.com/schema/3.0/Lists/Interests/Instance.json","schema":"https://us3.api.mailchimp.com/schema/3.0/Lists/Interests/Instance.json"},{"rel":"delete","href":"https://us3.api.mailchimp.com/3.0/lists/<MAILCHIMP_CATEGORIES_LIST_ID>/interest-categories/de588dac77/interests/67a5758600","method":"DELETE"}]}],"list_id":"<MAILCHIMP_CATEGORIES_LIST_ID>","category_id":"de588dac77","total_items":3,"_links":[{"rel":"self","href":"https://us3.api.mailchimp.com/3.0/lists/<MAILCHIMP_CATEGORIES_LIST_ID>/interest-categories/de588dac77/interests","method":"GET","targetSchema":"https://us3.api.mailchimp.com/schema/3.0/Lists/Interests/Collection.json","schema":"https://us3.api.mailchimp.com/schema/3.0/CollectionLinks/Lists/Interests.json"},{"rel":"parent","href":"https://us3.api.mailchimp.com/3.0/lists/<MAILCHIMP_CATEGORIES_LIST_ID>/interest-categories/de588dac77","method":"GET","targetSchema":"https://us3.api.mailchimp.com/schema/3.0/Lists/InterestCategories/Instance.json"},{"rel":"create","href":"https://us3.api.mailchimp.com/3.0/lists/<MAILCHIMP_CATEGORIES_LIST_ID>/interest-categories/de588dac77/interests","method":"POST","targetSchema":"https://us3.api.mailchimp.com/schema/3.0/Lists/Interests/Instance.json","schema":"https://us3.api.mailchimp.com/schema/3.0/Lists/Interests/Instance.json"}]}'
    http_version: 
  recorded_at: Thu, 25 Aug 2016 20:32:34 GMT
- request:
    method: get
    uri: https://apikey:<MAILCHIMP_API_KEY>@us3.api.mailchimp.com/3.0/lists/<MAILCHIMP_CATEGORIES_LIST_ID>/interest-categories/de588dac77/interests
    body:
      encoding: US-ASCII
      string: ''
    headers:
      User-Agent:
      - Faraday v0.9.2
      Content-Type:
      - application/json
      Accept-Encoding:
      - gzip;q=1.0,deflate;q=0.6,identity;q=0.3
      Accept:
      - "*/*"
  response:
    status:
      code: 200
      message: OK
    headers:
      Server:
      - nginx
      Content-Type:
      - application/json; charset=utf-8
      X-Request-Id:
      - 5eb69863-cb8e-4910-a52c-6b21834704c4
      Link:
      - <https://us3.api.mailchimp.com/schema/3.0/Lists/Interests/Collection.json>;
        rel="describedBy"
      Vary:
      - Accept-Encoding
      Content-Length:
      - '4351'
      Date:
      - Thu, 25 Aug 2016 20:32:34 GMT
      Connection:
      - keep-alive
      Set-Cookie:
      - _AVESTA_ENVIRONMENT=prod; path=/
    body:
      encoding: UTF-8
      string: '{"interests":[{"category_id":"de588dac77","list_id":"<MAILCHIMP_CATEGORIES_LIST_ID>","id":"b69a899898","name":"Art","subscriber_count":"1","display_order":1,"_links":[{"rel":"self","href":"https://us3.api.mailchimp.com/3.0/lists/<MAILCHIMP_CATEGORIES_LIST_ID>/interest-categories/de588dac77/interests/b69a899898","method":"GET","targetSchema":"https://us3.api.mailchimp.com/schema/3.0/Lists/Interests/Instance.json"},{"rel":"parent","href":"https://us3.api.mailchimp.com/3.0/lists/<MAILCHIMP_CATEGORIES_LIST_ID>/interest-categories/de588dac77/interests","method":"GET","targetSchema":"https://us3.api.mailchimp.com/schema/3.0/Lists/Interests/Collection.json","schema":"https://us3.api.mailchimp.com/schema/3.0/CollectionLinks/Lists/Interests.json"},{"rel":"update","href":"https://us3.api.mailchimp.com/3.0/lists/<MAILCHIMP_CATEGORIES_LIST_ID>/interest-categories/de588dac77/interests/b69a899898","method":"PATCH","targetSchema":"https://us3.api.mailchimp.com/schema/3.0/Lists/Interests/Instance.json","schema":"https://us3.api.mailchimp.com/schema/3.0/Lists/Interests/Instance.json"},{"rel":"delete","href":"https://us3.api.mailchimp.com/3.0/lists/<MAILCHIMP_CATEGORIES_LIST_ID>/interest-categories/de588dac77/interests/b69a899898","method":"DELETE"}]},{"category_id":"de588dac77","list_id":"<MAILCHIMP_CATEGORIES_LIST_ID>","id":"c7e1e11b24","name":"Music","subscriber_count":"1","display_order":2,"_links":[{"rel":"self","href":"https://us3.api.mailchimp.com/3.0/lists/<MAILCHIMP_CATEGORIES_LIST_ID>/interest-categories/de588dac77/interests/c7e1e11b24","method":"GET","targetSchema":"https://us3.api.mailchimp.com/schema/3.0/Lists/Interests/Instance.json"},{"rel":"parent","href":"https://us3.api.mailchimp.com/3.0/lists/<MAILCHIMP_CATEGORIES_LIST_ID>/interest-categories/de588dac77/interests","method":"GET","targetSchema":"https://us3.api.mailchimp.com/schema/3.0/Lists/Interests/Collection.json","schema":"https://us3.api.mailchimp.com/schema/3.0/CollectionLinks/Lists/Interests.json"},{"rel":"update","href":"https://us3.api.mailchimp.com/3.0/lists/<MAILCHIMP_CATEGORIES_LIST_ID>/interest-categories/de588dac77/interests/c7e1e11b24","method":"PATCH","targetSchema":"https://us3.api.mailchimp.com/schema/3.0/Lists/Interests/Instance.json","schema":"https://us3.api.mailchimp.com/schema/3.0/Lists/Interests/Instance.json"},{"rel":"delete","href":"https://us3.api.mailchimp.com/3.0/lists/<MAILCHIMP_CATEGORIES_LIST_ID>/interest-categories/de588dac77/interests/c7e1e11b24","method":"DELETE"}]},{"category_id":"de588dac77","list_id":"<MAILCHIMP_CATEGORIES_LIST_ID>","id":"67a5758600","name":"Design","subscriber_count":"0","display_order":4,"_links":[{"rel":"self","href":"https://us3.api.mailchimp.com/3.0/lists/<MAILCHIMP_CATEGORIES_LIST_ID>/interest-categories/de588dac77/interests/67a5758600","method":"GET","targetSchema":"https://us3.api.mailchimp.com/schema/3.0/Lists/Interests/Instance.json"},{"rel":"parent","href":"https://us3.api.mailchimp.com/3.0/lists/<MAILCHIMP_CATEGORIES_LIST_ID>/interest-categories/de588dac77/interests","method":"GET","targetSchema":"https://us3.api.mailchimp.com/schema/3.0/Lists/Interests/Collection.json","schema":"https://us3.api.mailchimp.com/schema/3.0/CollectionLinks/Lists/Interests.json"},{"rel":"update","href":"https://us3.api.mailchimp.com/3.0/lists/<MAILCHIMP_CATEGORIES_LIST_ID>/interest-categories/de588dac77/interests/67a5758600","method":"PATCH","targetSchema":"https://us3.api.mailchimp.com/schema/3.0/Lists/Interests/Instance.json","schema":"https://us3.api.mailchimp.com/schema/3.0/Lists/Interests/Instance.json"},{"rel":"delete","href":"https://us3.api.mailchimp.com/3.0/lists/<MAILCHIMP_CATEGORIES_LIST_ID>/interest-categories/de588dac77/interests/67a5758600","method":"DELETE"}]}],"list_id":"<MAILCHIMP_CATEGORIES_LIST_ID>","category_id":"de588dac77","total_items":3,"_links":[{"rel":"self","href":"https://us3.api.mailchimp.com/3.0/lists/<MAILCHIMP_CATEGORIES_LIST_ID>/interest-categories/de588dac77/interests","method":"GET","targetSchema":"https://us3.api.mailchimp.com/schema/3.0/Lists/Interests/Collection.json","schema":"https://us3.api.mailchimp.com/schema/3.0/CollectionLinks/Lists/Interests.json"},{"rel":"parent","href":"https://us3.api.mailchimp.com/3.0/lists/<MAILCHIMP_CATEGORIES_LIST_ID>/interest-categories/de588dac77","method":"GET","targetSchema":"https://us3.api.mailchimp.com/schema/3.0/Lists/InterestCategories/Instance.json"},{"rel":"create","href":"https://us3.api.mailchimp.com/3.0/lists/<MAILCHIMP_CATEGORIES_LIST_ID>/interest-categories/de588dac77/interests","method":"POST","targetSchema":"https://us3.api.mailchimp.com/schema/3.0/Lists/Interests/Instance.json","schema":"https://us3.api.mailchimp.com/schema/3.0/Lists/Interests/Instance.json"}]}'
    http_version: 
  recorded_at: Thu, 25 Aug 2016 20:32:34 GMT
- request:
    method: put
    uri: https://apikey:<MAILCHIMP_API_KEY>@us3.api.mailchimp.com/3.0/lists/<MAILCHIMP_CATEGORIES_LIST_ID>/members/4214831471a4b789a6c9f249b9ba46ec
    body:
      encoding: UTF-8
      string: '{"email_address":"ops@ello.co","status_if_new":"subscribed","interests":{"b69a899898":true,"c7e1e11b24":true,"67a5758600":false}}'
    headers:
      User-Agent:
      - Faraday v0.9.2
      Content-Type:
      - application/json
      Accept-Encoding:
      - gzip;q=1.0,deflate;q=0.6,identity;q=0.3
      Accept:
      - "*/*"
  response:
    status:
      code: 200
      message: OK
    headers:
      Server:
      - nginx
      Content-Type:
      - application/json; charset=utf-8
      X-Request-Id:
      - 57283c8c-6cc8-480b-8183-29ad3a0e3e18
      Link:
      - <https://us3.api.mailchimp.com/schema/3.0/Lists/Members/Instance.json>; rel="describedBy",
        <https://us3.admin.mailchimp.com/lists/members/view?id=271207445>; rel="dashboard"
      Vary:
      - Accept-Encoding
      Date:
      - Thu, 25 Aug 2016 20:32:34 GMT
      Content-Length:
      - '2413'
      Connection:
      - keep-alive
      Set-Cookie:
      - _AVESTA_ENVIRONMENT=prod; path=/
    body:
      encoding: UTF-8
      string: '{"id":"4214831471a4b789a6c9f249b9ba46ec","email_address":"ops@ello.co","unique_email_id":"3d1355be4b","email_type":"html","status":"subscribed","merge_fields":{"FNAME":"","LNAME":"","MMERGE3":""},"interests":{"b69a899898":true,"c7e1e11b24":true,"67a5758600":false},"stats":{"avg_open_rate":0,"avg_click_rate":0},"ip_signup":"","timestamp_signup":"","ip_opt":"71.205.248.208","timestamp_opt":"2016-08-25T19:15:55+00:00","member_rating":2,"last_changed":"2016-08-25T20:32:34+00:00","language":"","vip":false,"email_client":"","location":{"latitude":0,"longitude":0,"gmtoff":0,"dstoff":0,"country_code":"","timezone":""},"list_id":"<MAILCHIMP_CATEGORIES_LIST_ID>","_links":[{"rel":"self","href":"https://us3.api.mailchimp.com/3.0/lists/<MAILCHIMP_CATEGORIES_LIST_ID>/members/4214831471a4b789a6c9f249b9ba46ec","method":"GET","targetSchema":"https://us3.api.mailchimp.com/schema/3.0/Lists/Members/Instance.json"},{"rel":"parent","href":"https://us3.api.mailchimp.com/3.0/lists/<MAILCHIMP_CATEGORIES_LIST_ID>/members","method":"GET","targetSchema":"https://us3.api.mailchimp.com/schema/3.0/Lists/Members/Collection.json","schema":"https://us3.api.mailchimp.com/schema/3.0/CollectionLinks/Lists/Members.json"},{"rel":"update","href":"https://us3.api.mailchimp.com/3.0/lists/<MAILCHIMP_CATEGORIES_LIST_ID>/members/4214831471a4b789a6c9f249b9ba46ec","method":"PATCH","schema":"https://us3.api.mailchimp.com/schema/3.0/Lists/Members/Instance.json"},{"rel":"upsert","href":"https://us3.api.mailchimp.com/3.0/lists/<MAILCHIMP_CATEGORIES_LIST_ID>/members/4214831471a4b789a6c9f249b9ba46ec","method":"PUT","schema":"https://us3.api.mailchimp.com/schema/3.0/Lists/Members/Instance.json"},{"rel":"delete","href":"https://us3.api.mailchimp.com/3.0/lists/<MAILCHIMP_CATEGORIES_LIST_ID>/members/4214831471a4b789a6c9f249b9ba46ec","method":"DELETE"},{"rel":"activity","href":"https://us3.api.mailchimp.com/3.0/lists/<MAILCHIMP_CATEGORIES_LIST_ID>/members/4214831471a4b789a6c9f249b9ba46ec/activity","method":"GET","targetSchema":"https://us3.api.mailchimp.com/schema/3.0/Lists/Members/Activity/Collection.json"},{"rel":"goals","href":"https://us3.api.mailchimp.com/3.0/lists/<MAILCHIMP_CATEGORIES_LIST_ID>/members/4214831471a4b789a6c9f249b9ba46ec/goals","method":"GET","targetSchema":"https://us3.api.mailchimp.com/schema/3.0/Lists/Members/Goals/Collection.json"},{"rel":"notes","href":"https://us3.api.mailchimp.com/3.0/lists/<MAILCHIMP_CATEGORIES_LIST_ID>/members/4214831471a4b789a6c9f249b9ba46ec/notes","method":"GET","targetSchema":"https://us3.api.mailchimp.com/schema/3.0/Lists/Members/Notes/Collection.json"}]}'
    http_version: 
  recorded_at: Thu, 25 Aug 2016 20:32:35 GMT
recorded_with: VCR 3.0.1
